2026-07-17 11:15:32 [ERROR] This is a sample error
2026-07-17 15:55:34 [ERROR] MongooseServerSelectionError: connect ECONNREFUSED 127.0.0.1:27017
    at _handleConnectionErrors (C:\Users\promise.okere\OneDrive - Interswitch Limited\BACKEND TRAINING\CAPSTONE PROJECT\HealthNest\node_modules\mongoose\lib\connection.js:1180:11)
    at NativeConnection.openUri (C:\Users\promise.okere\OneDrive - Interswitch Limited\BACKEND TRAINING\CAPSTONE PROJECT\HealthNest\node_modules\mongoose\lib\connection.js:1111:11)
    at async connectDatabase (C:\Users\promise.okere\OneDrive - Interswitch Limited\BACKEND TRAINING\CAPSTONE PROJECT\HealthNest\src\database\connection.js:7:5)
    at async startServer (C:\Users\promise.okere\OneDrive - Interswitch Limited\BACKEND TRAINING\CAPSTONE PROJECT\HealthNest\src\server.js:8:5)
2026-07-19 22:25:05 [ERROR] TypeError: toPublicUser is not a function
    at Object.register (C:\Users\promise.okere\OneDrive - Interswitch Limited\BACKEND TRAINING\CAPSTONE PROJECT\HealthNest\src\modules\users\user.service.js:41:10)
    at process.processTicksAndRejections (node:internal/process/task_queues:105:5)
    at async register (C:\Users\promise.okere\OneDrive - Interswitch Limited\BACKEND TRAINING\CAPSTONE PROJECT\HealthNest\src\modules\users\user.controller.js:6:18)
2026-07-19 22:29:14 [ERROR] ConflictError: An account with this email already exists.
    at Object.register (C:\Users\promise.okere\OneDrive - Interswitch Limited\BACKEND TRAINING\CAPSTONE PROJECT\HealthNest\src\modules\users\user.service.js:18:11)
    at process.processTicksAndRejections (node:internal/process/task_queues:105:5)
    at async register (C:\Users\promise.okere\OneDrive - Interswitch Limited\BACKEND TRAINING\CAPSTONE PROJECT\HealthNest\src\modules\users\user.controller.js:6:18)
2026-07-19 22:31:19 [ERROR] ConflictError: An account with this email already exists.
    at Object.register (C:\Users\promise.okere\OneDrive - Interswitch Limited\BACKEND TRAINING\CAPSTONE PROJECT\HealthNest\src\modules\users\user.service.js:18:11)
    at process.processTicksAndRejections (node:internal/process/task_queues:105:5)
    at async register (C:\Users\promise.okere\OneDrive - Interswitch Limited\BACKEND TRAINING\CAPSTONE PROJECT\HealthNest\src\modules\users\user.controller.js:6:18)
2026-07-20 00:55:02 [ERROR] UnauthorizedError: Invalid email or password.
    at Object.login (C:\Users\promise.okere\OneDrive - Interswitch Limited\BACKEND TRAINING\CAPSTONE PROJECT\HealthNest\src\modules\auth\auth.service.js:24:11)
    at process.processTicksAndRejections (node:internal/process/task_queues:105:5)
    at async login (C:\Users\promise.okere\OneDrive - Interswitch Limited\BACKEND TRAINING\CAPSTONE PROJECT\HealthNest\src\modules\auth\auth.controller.js:7:20)
2026-07-20 01:15:22 [ERROR] TypeError: getRefreshTokenExpiryDate is not a function
    at Object.login (C:\Users\promise.okere\OneDrive - Interswitch Limited\BACKEND TRAINING\CAPSTONE PROJECT\HealthNest\src\modules\auth\auth.service.js:54:28)
    at async login (C:\Users\promise.okere\OneDrive - Interswitch Limited\BACKEND TRAINING\CAPSTONE PROJECT\HealthNest\src\modules\auth\auth.controller.js:7:20)
2026-07-20 08:27:24 [ERROR] UnauthorizedError: Authorization header is required.
    at authenticate (C:\Users\promise.okere\OneDrive - Interswitch Limited\BACKEND TRAINING\CAPSTONE PROJECT\HealthNest\src\common\middlewares\authenticate.js:16:13)
    at Layer.handleRequest (C:\Users\promise.okere\OneDrive - Interswitch Limited\BACKEND TRAINING\CAPSTONE PROJECT\HealthNest\node_modules\router\lib\layer.js:152:17)
    at next (C:\Users\promise.okere\OneDrive - Interswitch Limited\BACKEND TRAINING\CAPSTONE PROJECT\HealthNest\node_modules\router\lib\route.js:157:13)
    at Route.dispatch (C:\Users\promise.okere\OneDrive - Interswitch Limited\BACKEND TRAINING\CAPSTONE PROJECT\HealthNest\node_modules\router\lib\route.js:117:3)
    at handle (C:\Users\promise.okere\OneDrive - Interswitch Limited\BACKEND TRAINING\CAPSTONE PROJECT\HealthNest\node_modules\router\index.js:435:11)
    at Layer.handleRequest (C:\Users\promise.okere\OneDrive - Interswitch Limited\BACKEND TRAINING\CAPSTONE PROJECT\HealthNest\node_modules\router\lib\layer.js:152:17)
    at C:\Users\promise.okere\OneDrive - Interswitch Limited\BACKEND TRAINING\CAPSTONE PROJECT\HealthNest\node_modules\router\index.js:295:15
    at processParams (C:\Users\promise.okere\OneDrive - Interswitch Limited\BACKEND TRAINING\CAPSTONE PROJECT\HealthNest\node_modules\router\index.js:582:12)
    at next (C:\Users\promise.okere\OneDrive - Interswitch Limited\BACKEND TRAINING\CAPSTONE PROJECT\HealthNest\node_modules\router\index.js:291:5)
    at Function.handle (C:\Users\promise.okere\OneDrive - Interswitch Limited\BACKEND TRAINING\CAPSTONE PROJECT\HealthNest\node_modules\router\index.js:186:3)
2026-07-20 08:28:26 [ERROR] UnauthorizedError: Invalid or expired access token.
    at authenticate (C:\Users\promise.okere\OneDrive - Interswitch Limited\BACKEND TRAINING\CAPSTONE PROJECT\HealthNest\src\common\middlewares\authenticate.js:40:13)
    at Layer.handleRequest (C:\Users\promise.okere\OneDrive - Interswitch Limited\BACKEND TRAINING\CAPSTONE PROJECT\HealthNest\node_modules\router\lib\layer.js:152:17)
    at next (C:\Users\promise.okere\OneDrive - Interswitch Limited\BACKEND TRAINING\CAPSTONE PROJECT\HealthNest\node_modules\router\lib\route.js:157:13)
    at Route.dispatch (C:\Users\promise.okere\OneDrive - Interswitch Limited\BACKEND TRAINING\CAPSTONE PROJECT\HealthNest\node_modules\router\lib\route.js:117:3)
    at handle (C:\Users\promise.okere\OneDrive - Interswitch Limited\BACKEND TRAINING\CAPSTONE PROJECT\HealthNest\node_modules\router\index.js:435:11)
    at Layer.handleRequest (C:\Users\promise.okere\OneDrive - Interswitch Limited\BACKEND TRAINING\CAPSTONE PROJECT\HealthNest\node_modules\router\lib\layer.js:152:17)
    at C:\Users\promise.okere\OneDrive - Interswitch Limited\BACKEND TRAINING\CAPSTONE PROJECT\HealthNest\node_modules\router\index.js:295:15
    at processParams (C:\Users\promise.okere\OneDrive - Interswitch Limited\BACKEND TRAINING\CAPSTONE PROJECT\HealthNest\node_modules\router\index.js:582:12)
    at next (C:\Users\promise.okere\OneDrive - Interswitch Limited\BACKEND TRAINING\CAPSTONE PROJECT\HealthNest\node_modules\router\index.js:291:5)
    at Function.handle (C:\Users\promise.okere\OneDrive - Interswitch Limited\BACKEND TRAINING\CAPSTONE PROJECT\HealthNest\node_modules\router\index.js:186:3)
2026-07-20 08:28:58 [ERROR] UnauthorizedError: Authorization header is required.
    at authenticate (C:\Users\promise.okere\OneDrive - Interswitch Limited\BACKEND TRAINING\CAPSTONE PROJECT\HealthNest\src\common\middlewares\authenticate.js:16:13)
    at Layer.handleRequest (C:\Users\promise.okere\OneDrive - Interswitch Limited\BACKEND TRAINING\CAPSTONE PROJECT\HealthNest\node_modules\router\lib\layer.js:152:17)
    at next (C:\Users\promise.okere\OneDrive - Interswitch Limited\BACKEND TRAINING\CAPSTONE PROJECT\HealthNest\node_modules\router\lib\route.js:157:13)
    at Route.dispatch (C:\Users\promise.okere\OneDrive - Interswitch Limited\BACKEND TRAINING\CAPSTONE PROJECT\HealthNest\node_modules\router\lib\route.js:117:3)
    at handle (C:\Users\promise.okere\OneDrive - Interswitch Limited\BACKEND TRAINING\CAPSTONE PROJECT\HealthNest\node_modules\router\index.js:435:11)
    at Layer.handleRequest (C:\Users\promise.okere\OneDrive - Interswitch Limited\BACKEND TRAINING\CAPSTONE PROJECT\HealthNest\node_modules\router\lib\layer.js:152:17)
    at C:\Users\promise.okere\OneDrive - Interswitch Limited\BACKEND TRAINING\CAPSTONE PROJECT\HealthNest\node_modules\router\index.js:295:15
    at processParams (C:\Users\promise.okere\OneDrive - Interswitch Limited\BACKEND TRAINING\CAPSTONE PROJECT\HealthNest\node_modules\router\index.js:582:12)
    at next (C:\Users\promise.okere\OneDrive - Interswitch Limited\BACKEND TRAINING\CAPSTONE PROJECT\HealthNest\node_modules\router\index.js:291:5)
    at Function.handle (C:\Users\promise.okere\OneDrive - Interswitch Limited\BACKEND TRAINING\CAPSTONE PROJECT\HealthNest\node_modules\router\index.js:186:3)
2026-07-20 08:30:18 [ERROR] UnauthorizedError: Authorization header is required.
    at authenticate (C:\Users\promise.okere\OneDrive - Interswitch Limited\BACKEND TRAINING\CAPSTONE PROJECT\HealthNest\src\common\middlewares\authenticate.js:16:13)
    at Layer.handleRequest (C:\Users\promise.okere\OneDrive - Interswitch Limited\BACKEND TRAINING\CAPSTONE PROJECT\HealthNest\node_modules\router\lib\layer.js:152:17)
    at next (C:\Users\promise.okere\OneDrive - Interswitch Limited\BACKEND TRAINING\CAPSTONE PROJECT\HealthNest\node_modules\router\lib\route.js:157:13)
    at Route.dispatch (C:\Users\promise.okere\OneDrive - Interswitch Limited\BACKEND TRAINING\CAPSTONE PROJECT\HealthNest\node_modules\router\lib\route.js:117:3)
    at handle (C:\Users\promise.okere\OneDrive - Interswitch Limited\BACKEND TRAINING\CAPSTONE PROJECT\HealthNest\node_modules\router\index.js:435:11)
    at Layer.handleRequest (C:\Users\promise.okere\OneDrive - Interswitch Limited\BACKEND TRAINING\CAPSTONE PROJECT\HealthNest\node_modules\router\lib\layer.js:152:17)
    at C:\Users\promise.okere\OneDrive - Interswitch Limited\BACKEND TRAINING\CAPSTONE PROJECT\HealthNest\node_modules\router\index.js:295:15
    at processParams (C:\Users\promise.okere\OneDrive - Interswitch Limited\BACKEND TRAINING\CAPSTONE PROJECT\HealthNest\node_modules\router\index.js:582:12)
    at next (C:\Users\promise.okere\OneDrive - Interswitch Limited\BACKEND TRAINING\CAPSTONE PROJECT\HealthNest\node_modules\router\index.js:291:5)
    at Function.handle (C:\Users\promise.okere\OneDrive - Interswitch Limited\BACKEND TRAINING\CAPSTONE PROJECT\HealthNest\node_modules\router\index.js:186:3)
2026-07-20 08:30:54 [ERROR] UnauthorizedError: Invalid or expired access token.
    at authenticate (C:\Users\promise.okere\OneDrive - Interswitch Limited\BACKEND TRAINING\CAPSTONE PROJECT\HealthNest\src\common\middlewares\authenticate.js:40:13)
    at Layer.handleRequest (C:\Users\promise.okere\OneDrive - Interswitch Limited\BACKEND TRAINING\CAPSTONE PROJECT\HealthNest\node_modules\router\lib\layer.js:152:17)
    at next (C:\Users\promise.okere\OneDrive - Interswitch Limited\BACKEND TRAINING\CAPSTONE PROJECT\HealthNest\node_modules\router\lib\route.js:157:13)
    at Route.dispatch (C:\Users\promise.okere\OneDrive - Interswitch Limited\BACKEND TRAINING\CAPSTONE PROJECT\HealthNest\node_modules\router\lib\route.js:117:3)
    at handle (C:\Users\promise.okere\OneDrive - Interswitch Limited\BACKEND TRAINING\CAPSTONE PROJECT\HealthNest\node_modules\router\index.js:435:11)
    at Layer.handleRequest (C:\Users\promise.okere\OneDrive - Interswitch Limited\BACKEND TRAINING\CAPSTONE PROJECT\HealthNest\node_modules\router\lib\layer.js:152:17)
    at C:\Users\promise.okere\OneDrive - Interswitch Limited\BACKEND TRAINING\CAPSTONE PROJECT\HealthNest\node_modules\router\index.js:295:15
    at processParams (C:\Users\promise.okere\OneDrive - Interswitch Limited\BACKEND TRAINING\CAPSTONE PROJECT\HealthNest\node_modules\router\index.js:582:12)
    at next (C:\Users\promise.okere\OneDrive - Interswitch Limited\BACKEND TRAINING\CAPSTONE PROJECT\HealthNest\node_modules\router\index.js:291:5)
    at Function.handle (C:\Users\promise.okere\OneDrive - Interswitch Limited\BACKEND TRAINING\CAPSTONE PROJECT\HealthNest\node_modules\router\index.js:186:3)
2026-07-20 08:35:50 [ERROR] UnauthorizedError: Invalid or expired access token.
    at authenticate (C:\Users\promise.okere\OneDrive - Interswitch Limited\BACKEND TRAINING\CAPSTONE PROJECT\HealthNest\src\common\middlewares\authenticate.js:40:13)
    at Layer.handleRequest (C:\Users\promise.okere\OneDrive - Interswitch Limited\BACKEND TRAINING\CAPSTONE PROJECT\HealthNest\node_modules\router\lib\layer.js:152:17)
    at next (C:\Users\promise.okere\OneDrive - Interswitch Limited\BACKEND TRAINING\CAPSTONE PROJECT\HealthNest\node_modules\router\lib\route.js:157:13)
    at Route.dispatch (C:\Users\promise.okere\OneDrive - Interswitch Limited\BACKEND TRAINING\CAPSTONE PROJECT\HealthNest\node_modules\router\lib\route.js:117:3)
    at handle (C:\Users\promise.okere\OneDrive - Interswitch Limited\BACKEND TRAINING\CAPSTONE PROJECT\HealthNest\node_modules\router\index.js:435:11)
    at Layer.handleRequest (C:\Users\promise.okere\OneDrive - Interswitch Limited\BACKEND TRAINING\CAPSTONE PROJECT\HealthNest\node_modules\router\lib\layer.js:152:17)
    at C:\Users\promise.okere\OneDrive - Interswitch Limited\BACKEND TRAINING\CAPSTONE PROJECT\HealthNest\node_modules\router\index.js:295:15
    at processParams (C:\Users\promise.okere\OneDrive - Interswitch Limited\BACKEND TRAINING\CAPSTONE PROJECT\HealthNest\node_modules\router\index.js:582:12)
    at next (C:\Users\promise.okere\OneDrive - Interswitch Limited\BACKEND TRAINING\CAPSTONE PROJECT\HealthNest\node_modules\router\index.js:291:5)
    at Function.handle (C:\Users\promise.okere\OneDrive - Interswitch Limited\BACKEND TRAINING\CAPSTONE PROJECT\HealthNest\node_modules\router\index.js:186:3)
2026-07-20 08:36:21 [ERROR] UnauthorizedError: Authorization header is required.
    at authenticate (C:\Users\promise.okere\OneDrive - Interswitch Limited\BACKEND TRAINING\CAPSTONE PROJECT\HealthNest\src\common\middlewares\authenticate.js:16:13)
    at Layer.handleRequest (C:\Users\promise.okere\OneDrive - Interswitch Limited\BACKEND TRAINING\CAPSTONE PROJECT\HealthNest\node_modules\router\lib\layer.js:152:17)
    at next (C:\Users\promise.okere\OneDrive - Interswitch Limited\BACKEND TRAINING\CAPSTONE PROJECT\HealthNest\node_modules\router\lib\route.js:157:13)
    at Route.dispatch (C:\Users\promise.okere\OneDrive - Interswitch Limited\BACKEND TRAINING\CAPSTONE PROJECT\HealthNest\node_modules\router\lib\route.js:117:3)
    at handle (C:\Users\promise.okere\OneDrive - Interswitch Limited\BACKEND TRAINING\CAPSTONE PROJECT\HealthNest\node_modules\router\index.js:435:11)
    at Layer.handleRequest (C:\Users\promise.okere\OneDrive - Interswitch Limited\BACKEND TRAINING\CAPSTONE PROJECT\HealthNest\node_modules\router\lib\layer.js:152:17)
    at C:\Users\promise.okere\OneDrive - Interswitch Limited\BACKEND TRAINING\CAPSTONE PROJECT\HealthNest\node_modules\router\index.js:295:15
    at processParams (C:\Users\promise.okere\OneDrive - Interswitch Limited\BACKEND TRAINING\CAPSTONE PROJECT\HealthNest\node_modules\router\index.js:582:12)
    at next (C:\Users\promise.okere\OneDrive - Interswitch Limited\BACKEND TRAINING\CAPSTONE PROJECT\HealthNest\node_modules\router\index.js:291:5)
    at Function.handle (C:\Users\promise.okere\OneDrive - Interswitch Limited\BACKEND TRAINING\CAPSTONE PROJECT\HealthNest\node_modules\router\index.js:186:3)
2026-07-20 08:36:45 [ERROR] UnauthorizedError: Authorization header is required.
    at authenticate (C:\Users\promise.okere\OneDrive - Interswitch Limited\BACKEND TRAINING\CAPSTONE PROJECT\HealthNest\src\common\middlewares\authenticate.js:16:13)
    at Layer.handleRequest (C:\Users\promise.okere\OneDrive - Interswitch Limited\BACKEND TRAINING\CAPSTONE PROJECT\HealthNest\node_modules\router\lib\layer.js:152:17)
    at next (C:\Users\promise.okere\OneDrive - Interswitch Limited\BACKEND TRAINING\CAPSTONE PROJECT\HealthNest\node_modules\router\lib\route.js:157:13)
    at Route.dispatch (C:\Users\promise.okere\OneDrive - Interswitch Limited\BACKEND TRAINING\CAPSTONE PROJECT\HealthNest\node_modules\router\lib\route.js:117:3)
    at handle (C:\Users\promise.okere\OneDrive - Interswitch Limited\BACKEND TRAINING\CAPSTONE PROJECT\HealthNest\node_modules\router\index.js:435:11)
    at Layer.handleRequest (C:\Users\promise.okere\OneDrive - Interswitch Limited\BACKEND TRAINING\CAPSTONE PROJECT\HealthNest\node_modules\router\lib\layer.js:152:17)
    at C:\Users\promise.okere\OneDrive - Interswitch Limited\BACKEND TRAINING\CAPSTONE PROJECT\HealthNest\node_modules\router\index.js:295:15
    at processParams (C:\Users\promise.okere\OneDrive - Interswitch Limited\BACKEND TRAINING\CAPSTONE PROJECT\HealthNest\node_modules\router\index.js:582:12)
    at next (C:\Users\promise.okere\OneDrive - Interswitch Limited\BACKEND TRAINING\CAPSTONE PROJECT\HealthNest\node_modules\router\index.js:291:5)
    at Function.handle (C:\Users\promise.okere\OneDrive - Interswitch Limited\BACKEND TRAINING\CAPSTONE PROJECT\HealthNest\node_modules\router\index.js:186:3)
2026-07-20 08:37:41 [ERROR] UnauthorizedError: Authorization header is required.
    at authenticate (C:\Users\promise.okere\OneDrive - Interswitch Limited\BACKEND TRAINING\CAPSTONE PROJECT\HealthNest\src\common\middlewares\authenticate.js:16:13)
    at Layer.handleRequest (C:\Users\promise.okere\OneDrive - Interswitch Limited\BACKEND TRAINING\CAPSTONE PROJECT\HealthNest\node_modules\router\lib\layer.js:152:17)
    at next (C:\Users\promise.okere\OneDrive - Interswitch Limited\BACKEND TRAINING\CAPSTONE PROJECT\HealthNest\node_modules\router\lib\route.js:157:13)
    at Route.dispatch (C:\Users\promise.okere\OneDrive - Interswitch Limited\BACKEND TRAINING\CAPSTONE PROJECT\HealthNest\node_modules\router\lib\route.js:117:3)
    at handle (C:\Users\promise.okere\OneDrive - Interswitch Limited\BACKEND TRAINING\CAPSTONE PROJECT\HealthNest\node_modules\router\index.js:435:11)
    at Layer.handleRequest (C:\Users\promise.okere\OneDrive - Interswitch Limited\BACKEND TRAINING\CAPSTONE PROJECT\HealthNest\node_modules\router\lib\layer.js:152:17)
    at C:\Users\promise.okere\OneDrive - Interswitch Limited\BACKEND TRAINING\CAPSTONE PROJECT\HealthNest\node_modules\router\index.js:295:15
    at processParams (C:\Users\promise.okere\OneDrive - Interswitch Limited\BACKEND TRAINING\CAPSTONE PROJECT\HealthNest\node_modules\router\index.js:582:12)
    at next (C:\Users\promise.okere\OneDrive - Interswitch Limited\BACKEND TRAINING\CAPSTONE PROJECT\HealthNest\node_modules\router\index.js:291:5)
    at Function.handle (C:\Users\promise.okere\OneDrive - Interswitch Limited\BACKEND TRAINING\CAPSTONE PROJECT\HealthNest\node_modules\router\index.js:186:3)
2026-07-20 08:38:44 [ERROR] UnauthorizedError: Authorization header is required.
    at authenticate (C:\Users\promise.okere\OneDrive - Interswitch Limited\BACKEND TRAINING\CAPSTONE PROJECT\HealthNest\src\common\middlewares\authenticate.js:16:13)
    at Layer.handleRequest (C:\Users\promise.okere\OneDrive - Interswitch Limited\BACKEND TRAINING\CAPSTONE PROJECT\HealthNest\node_modules\router\lib\layer.js:152:17)
    at next (C:\Users\promise.okere\OneDrive - Interswitch Limited\BACKEND TRAINING\CAPSTONE PROJECT\HealthNest\node_modules\router\lib\route.js:157:13)
    at Route.dispatch (C:\Users\promise.okere\OneDrive - Interswitch Limited\BACKEND TRAINING\CAPSTONE PROJECT\HealthNest\node_modules\router\lib\route.js:117:3)
    at handle (C:\Users\promise.okere\OneDrive - Interswitch Limited\BACKEND TRAINING\CAPSTONE PROJECT\HealthNest\node_modules\router\index.js:435:11)
    at Layer.handleRequest (C:\Users\promise.okere\OneDrive - Interswitch Limited\BACKEND TRAINING\CAPSTONE PROJECT\HealthNest\node_modules\router\lib\layer.js:152:17)
    at C:\Users\promise.okere\OneDrive - Interswitch Limited\BACKEND TRAINING\CAPSTONE PROJECT\HealthNest\node_modules\router\index.js:295:15
    at processParams (C:\Users\promise.okere\OneDrive - Interswitch Limited\BACKEND TRAINING\CAPSTONE PROJECT\HealthNest\node_modules\router\index.js:582:12)
    at next (C:\Users\promise.okere\OneDrive - Interswitch Limited\BACKEND TRAINING\CAPSTONE PROJECT\HealthNest\node_modules\router\index.js:291:5)
    at Function.handle (C:\Users\promise.okere\OneDrive - Interswitch Limited\BACKEND TRAINING\CAPSTONE PROJECT\HealthNest\node_modules\router\index.js:186:3)
2026-07-20 08:40:11 [ERROR] UnauthorizedError: Authorization header is required.
    at authenticate (C:\Users\promise.okere\OneDrive - Interswitch Limited\BACKEND TRAINING\CAPSTONE PROJECT\HealthNest\src\common\middlewares\authenticate.js:16:13)
    at Layer.handleRequest (C:\Users\promise.okere\OneDrive - Interswitch Limited\BACKEND TRAINING\CAPSTONE PROJECT\HealthNest\node_modules\router\lib\layer.js:152:17)
    at next (C:\Users\promise.okere\OneDrive - Interswitch Limited\BACKEND TRAINING\CAPSTONE PROJECT\HealthNest\node_modules\router\lib\route.js:157:13)
    at Route.dispatch (C:\Users\promise.okere\OneDrive - Interswitch Limited\BACKEND TRAINING\CAPSTONE PROJECT\HealthNest\node_modules\router\lib\route.js:117:3)
    at handle (C:\Users\promise.okere\OneDrive - Interswitch Limited\BACKEND TRAINING\CAPSTONE PROJECT\HealthNest\node_modules\router\index.js:435:11)
    at Layer.handleRequest (C:\Users\promise.okere\OneDrive - Interswitch Limited\BACKEND TRAINING\CAPSTONE PROJECT\HealthNest\node_modules\router\lib\layer.js:152:17)
    at C:\Users\promise.okere\OneDrive - Interswitch Limited\BACKEND TRAINING\CAPSTONE PROJECT\HealthNest\node_modules\router\index.js:295:15
    at processParams (C:\Users\promise.okere\OneDrive - Interswitch Limited\BACKEND TRAINING\CAPSTONE PROJECT\HealthNest\node_modules\router\index.js:582:12)
    at next (C:\Users\promise.okere\OneDrive - Interswitch Limited\BACKEND TRAINING\CAPSTONE PROJECT\HealthNest\node_modules\router\index.js:291:5)
    at Function.handle (C:\Users\promise.okere\OneDrive - Interswitch Limited\BACKEND TRAINING\CAPSTONE PROJECT\HealthNest\node_modules\router\index.js:186:3)
2026-07-20 08:48:26 [ERROR] UnauthorizedError: Authorization header is required.
    at authenticate (C:\Users\promise.okere\OneDrive - Interswitch Limited\BACKEND TRAINING\CAPSTONE PROJECT\HealthNest\src\common\middlewares\authenticate.js:16:13)
    at Layer.handleRequest (C:\Users\promise.okere\OneDrive - Interswitch Limited\BACKEND TRAINING\CAPSTONE PROJECT\HealthNest\node_modules\router\lib\layer.js:152:17)
    at next (C:\Users\promise.okere\OneDrive - Interswitch Limited\BACKEND TRAINING\CAPSTONE PROJECT\HealthNest\node_modules\router\lib\route.js:157:13)
    at Route.dispatch (C:\Users\promise.okere\OneDrive - Interswitch Limited\BACKEND TRAINING\CAPSTONE PROJECT\HealthNest\node_modules\router\lib\route.js:117:3)
    at handle (C:\Users\promise.okere\OneDrive - Interswitch Limited\BACKEND TRAINING\CAPSTONE PROJECT\HealthNest\node_modules\router\index.js:435:11)
    at Layer.handleRequest (C:\Users\promise.okere\OneDrive - Interswitch Limited\BACKEND TRAINING\CAPSTONE PROJECT\HealthNest\node_modules\router\lib\layer.js:152:17)
    at C:\Users\promise.okere\OneDrive - Interswitch Limited\BACKEND TRAINING\CAPSTONE PROJECT\HealthNest\node_modules\router\index.js:295:15
    at processParams (C:\Users\promise.okere\OneDrive - Interswitch Limited\BACKEND TRAINING\CAPSTONE PROJECT\HealthNest\node_modules\router\index.js:582:12)
    at next (C:\Users\promise.okere\OneDrive - Interswitch Limited\BACKEND TRAINING\CAPSTONE PROJECT\HealthNest\node_modules\router\index.js:291:5)
    at Function.handle (C:\Users\promise.okere\OneDrive - Interswitch Limited\BACKEND TRAINING\CAPSTONE PROJECT\HealthNest\node_modules\router\index.js:186:3)
2026-07-20 08:48:50 [ERROR] UnauthorizedError: Authorization header is required.
    at authenticate (C:\Users\promise.okere\OneDrive - Interswitch Limited\BACKEND TRAINING\CAPSTONE PROJECT\HealthNest\src\common\middlewares\authenticate.js:16:13)
    at Layer.handleRequest (C:\Users\promise.okere\OneDrive - Interswitch Limited\BACKEND TRAINING\CAPSTONE PROJECT\HealthNest\node_modules\router\lib\layer.js:152:17)
    at next (C:\Users\promise.okere\OneDrive - Interswitch Limited\BACKEND TRAINING\CAPSTONE PROJECT\HealthNest\node_modules\router\lib\route.js:157:13)
    at Route.dispatch (C:\Users\promise.okere\OneDrive - Interswitch Limited\BACKEND TRAINING\CAPSTONE PROJECT\HealthNest\node_modules\router\lib\route.js:117:3)
    at handle (C:\Users\promise.okere\OneDrive - Interswitch Limited\BACKEND TRAINING\CAPSTONE PROJECT\HealthNest\node_modules\router\index.js:435:11)
    at Layer.handleRequest (C:\Users\promise.okere\OneDrive - Interswitch Limited\BACKEND TRAINING\CAPSTONE PROJECT\HealthNest\node_modules\router\lib\layer.js:152:17)
    at C:\Users\promise.okere\OneDrive - Interswitch Limited\BACKEND TRAINING\CAPSTONE PROJECT\HealthNest\node_modules\router\index.js:295:15
    at processParams (C:\Users\promise.okere\OneDrive - Interswitch Limited\BACKEND TRAINING\CAPSTONE PROJECT\HealthNest\node_modules\router\index.js:582:12)
    at next (C:\Users\promise.okere\OneDrive - Interswitch Limited\BACKEND TRAINING\CAPSTONE PROJECT\HealthNest\node_modules\router\index.js:291:5)
    at Function.handle (C:\Users\promise.okere\OneDrive - Interswitch Limited\BACKEND TRAINING\CAPSTONE PROJECT\HealthNest\node_modules\router\index.js:186:3)
2026-07-20 08:49:38 [ERROR] UnauthorizedError: Authorization header is required.
    at authenticate (C:\Users\promise.okere\OneDrive - Interswitch Limited\BACKEND TRAINING\CAPSTONE PROJECT\HealthNest\src\common\middlewares\authenticate.js:16:13)
    at Layer.handleRequest (C:\Users\promise.okere\OneDrive - Interswitch Limited\BACKEND TRAINING\CAPSTONE PROJECT\HealthNest\node_modules\router\lib\layer.js:152:17)
    at next (C:\Users\promise.okere\OneDrive - Interswitch Limited\BACKEND TRAINING\CAPSTONE PROJECT\HealthNest\node_modules\router\lib\route.js:157:13)
    at Route.dispatch (C:\Users\promise.okere\OneDrive - Interswitch Limited\BACKEND TRAINING\CAPSTONE PROJECT\HealthNest\node_modules\router\lib\route.js:117:3)
    at handle (C:\Users\promise.okere\OneDrive - Interswitch Limited\BACKEND TRAINING\CAPSTONE PROJECT\HealthNest\node_modules\router\index.js:435:11)
    at Layer.handleRequest (C:\Users\promise.okere\OneDrive - Interswitch Limited\BACKEND TRAINING\CAPSTONE PROJECT\HealthNest\node_modules\router\lib\layer.js:152:17)
    at C:\Users\promise.okere\OneDrive - Interswitch Limited\BACKEND TRAINING\CAPSTONE PROJECT\HealthNest\node_modules\router\index.js:295:15
    at processParams (C:\Users\promise.okere\OneDrive - Interswitch Limited\BACKEND TRAINING\CAPSTONE PROJECT\HealthNest\node_modules\router\index.js:582:12)
    at next (C:\Users\promise.okere\OneDrive - Interswitch Limited\BACKEND TRAINING\CAPSTONE PROJECT\HealthNest\node_modules\router\index.js:291:5)
    at Function.handle (C:\Users\promise.okere\OneDrive - Interswitch Limited\BACKEND TRAINING\CAPSTONE PROJECT\HealthNest\node_modules\router\index.js:186:3)
2026-07-20 08:56:58 [ERROR] UnauthorizedError: Invalid or expired access token.
    at authenticate (C:\Users\promise.okere\OneDrive - Interswitch Limited\BACKEND TRAINING\CAPSTONE PROJECT\HealthNest\src\common\middlewares\authenticate.js:40:13)
    at Layer.handleRequest (C:\Users\promise.okere\OneDrive - Interswitch Limited\BACKEND TRAINING\CAPSTONE PROJECT\HealthNest\node_modules\router\lib\layer.js:152:17)
    at next (C:\Users\promise.okere\OneDrive - Interswitch Limited\BACKEND TRAINING\CAPSTONE PROJECT\HealthNest\node_modules\router\lib\route.js:157:13)
    at Route.dispatch (C:\Users\promise.okere\OneDrive - Interswitch Limited\BACKEND TRAINING\CAPSTONE PROJECT\HealthNest\node_modules\router\lib\route.js:117:3)
    at handle (C:\Users\promise.okere\OneDrive - Interswitch Limited\BACKEND TRAINING\CAPSTONE PROJECT\HealthNest\node_modules\router\index.js:435:11)
    at Layer.handleRequest (C:\Users\promise.okere\OneDrive - Interswitch Limited\BACKEND TRAINING\CAPSTONE PROJECT\HealthNest\node_modules\router\lib\layer.js:152:17)
    at C:\Users\promise.okere\OneDrive - Interswitch Limited\BACKEND TRAINING\CAPSTONE PROJECT\HealthNest\node_modules\router\index.js:295:15
    at processParams (C:\Users\promise.okere\OneDrive - Interswitch Limited\BACKEND TRAINING\CAPSTONE PROJECT\HealthNest\node_modules\router\index.js:582:12)
    at next (C:\Users\promise.okere\OneDrive - Interswitch Limited\BACKEND TRAINING\CAPSTONE PROJECT\HealthNest\node_modules\router\index.js:291:5)
    at Function.handle (C:\Users\promise.okere\OneDrive - Interswitch Limited\BACKEND TRAINING\CAPSTONE PROJECT\HealthNest\node_modules\router\index.js:186:3)
2026-07-26 23:08:11 [ERROR] ForbiddenError: You are not authorized to perform this action.
    at C:\Users\promise.okere\OneDrive - Interswitch Limited\BACKEND TRAINING\CAPSTONE PROJECT\HealthNest\src\common\middlewares\authorize.js:12:9
    at Layer.handleRequest (C:\Users\promise.okere\OneDrive - Interswitch Limited\BACKEND TRAINING\CAPSTONE PROJECT\HealthNest\node_modules\router\lib\layer.js:152:17)
    at next (C:\Users\promise.okere\OneDrive - Interswitch Limited\BACKEND TRAINING\CAPSTONE PROJECT\HealthNest\node_modules\router\lib\route.js:157:13)
    at authenticate (C:\Users\promise.okere\OneDrive - Interswitch Limited\BACKEND TRAINING\CAPSTONE PROJECT\HealthNest\src\common\middlewares\authenticate.js:81:12)
    at process.processTicksAndRejections (node:internal/process/task_queues:105:5)
2026-07-26 23:19:11 [ERROR] UnauthorizedError: Authorization header is required.
    at authenticate (C:\Users\promise.okere\OneDrive - Interswitch Limited\BACKEND TRAINING\CAPSTONE PROJECT\HealthNest\src\common\middlewares\authenticate.js:16:13)
    at Layer.handleRequest (C:\Users\promise.okere\OneDrive - Interswitch Limited\BACKEND TRAINING\CAPSTONE PROJECT\HealthNest\node_modules\router\lib\layer.js:152:17)
    at next (C:\Users\promise.okere\OneDrive - Interswitch Limited\BACKEND TRAINING\CAPSTONE PROJECT\HealthNest\node_modules\router\lib\route.js:157:13)
    at Route.dispatch (C:\Users\promise.okere\OneDrive - Interswitch Limited\BACKEND TRAINING\CAPSTONE PROJECT\HealthNest\node_modules\router\lib\route.js:117:3)
    at handle (C:\Users\promise.okere\OneDrive - Interswitch Limited\BACKEND TRAINING\CAPSTONE PROJECT\HealthNest\node_modules\router\index.js:435:11)
    at Layer.handleRequest (C:\Users\promise.okere\OneDrive - Interswitch Limited\BACKEND TRAINING\CAPSTONE PROJECT\HealthNest\node_modules\router\lib\layer.js:152:17)
    at C:\Users\promise.okere\OneDrive - Interswitch Limited\BACKEND TRAINING\CAPSTONE PROJECT\HealthNest\node_modules\router\index.js:295:15
    at param (C:\Users\promise.okere\OneDrive - Interswitch Limited\BACKEND TRAINING\CAPSTONE PROJECT\HealthNest\node_modules\router\index.js:600:14)
    at param (C:\Users\promise.okere\OneDrive - Interswitch Limited\BACKEND TRAINING\CAPSTONE PROJECT\HealthNest\node_modules\router\index.js:610:14)
    at processParams (C:\Users\promise.okere\OneDrive - Interswitch Limited\BACKEND TRAINING\CAPSTONE PROJECT\HealthNest\node_modules\router\index.js:664:3)
2026-07-26 23:19:26 [ERROR] NotFoundError: Medication not found.
    at findUserOwnedResource (C:\Users\promise.okere\OneDrive - Interswitch Limited\BACKEND TRAINING\CAPSTONE PROJECT\HealthNest\src\common\utils\resourceOwnership.js:24:11)
    at process.processTicksAndRejections (node:internal/process/task_queues:105:5)
    at async getMedicationById (C:\Users\promise.okere\OneDrive - Interswitch Limited\BACKEND TRAINING\CAPSTONE PROJECT\HealthNest\src\modules\medications\medication.controller.js:38:24)
2026-07-26 23:34:40 [ERROR] ValidationError: Validation failed
    at C:\Users\promise.okere\OneDrive - Interswitch Limited\BACKEND TRAINING\CAPSTONE PROJECT\HealthNest\src\common\middlewares\validate.js:20:12
    at process.processTicksAndRejections (node:internal/process/task_queues:105:5)
2026-07-27 08:27:25 [ERROR] MongooseServerSelectionError: Could not connect to any servers in your MongoDB Atlas cluster. One common reason is that you're trying to access the database from an IP that isn't whitelisted. Make sure your current IP address is on your Atlas cluster's IP whitelist: https://www.mongodb.com/docs/atlas/security-whitelist/
    at _handleConnectionErrors (C:\Users\promise.okere\OneDrive - Interswitch Limited\BACKEND TRAINING\CAPSTONE PROJECT\HealthNest\node_modules\mongoose\lib\connection.js:1180:11)
    at NativeConnection.openUri (C:\Users\promise.okere\OneDrive - Interswitch Limited\BACKEND TRAINING\CAPSTONE PROJECT\HealthNest\node_modules\mongoose\lib\connection.js:1111:11)
    at async connectDatabase (C:\Users\promise.okere\OneDrive - Interswitch Limited\BACKEND TRAINING\CAPSTONE PROJECT\HealthNest\src\database\connection.js:7:5)
    at async startServer (C:\Users\promise.okere\OneDrive - Interswitch Limited\BACKEND TRAINING\CAPSTONE PROJECT\HealthNest\src\server.js:8:5)
2026-07-27 22:53:25 [ERROR] NotFoundError: Medication not found.
    at Object.createReminder (C:\Users\promise.okere\OneDrive - Interswitch Limited\BACKEND TRAINING\CAPSTONE PROJECT\HealthNest\src\modules\reminders\reminder.service.js:27:13)
    at process.processTicksAndRejections (node:internal/process/task_queues:105:5)
    at async createReminder (C:\Users\promise.okere\OneDrive - Interswitch Limited\BACKEND TRAINING\CAPSTONE PROJECT\HealthNest\src\modules\reminders\reminder.controller.js:9:22)
2026-07-27 22:53:44 [ERROR] NotFoundError: Medication not found.
    at Object.createReminder (C:\Users\promise.okere\OneDrive - Interswitch Limited\BACKEND TRAINING\CAPSTONE PROJECT\HealthNest\src\modules\reminders\reminder.service.js:27:13)
    at process.processTicksAndRejections (node:internal/process/task_queues:105:5)
    at async createReminder (C:\Users\promise.okere\OneDrive - Interswitch Limited\BACKEND TRAINING\CAPSTONE PROJECT\HealthNest\src\modules\reminders\reminder.controller.js:9:22)
2026-07-27 22:53:56 [ERROR] NotFoundError: Medication not found.
    at Object.createReminder (C:\Users\promise.okere\OneDrive - Interswitch Limited\BACKEND TRAINING\CAPSTONE PROJECT\HealthNest\src\modules\reminders\reminder.service.js:27:13)
    at process.processTicksAndRejections (node:internal/process/task_queues:105:5)
    at async createReminder (C:\Users\promise.okere\OneDrive - Interswitch Limited\BACKEND TRAINING\CAPSTONE PROJECT\HealthNest\src\modules\reminders\reminder.controller.js:9:22)
2026-07-27 22:56:32 [ERROR] NotFoundError: Medication not found.
    at Object.createReminder (C:\Users\promise.okere\OneDrive - Interswitch Limited\BACKEND TRAINING\CAPSTONE PROJECT\HealthNest\src\modules\reminders\reminder.service.js:27:13)
    at process.processTicksAndRejections (node:internal/process/task_queues:105:5)
    at async createReminder (C:\Users\promise.okere\OneDrive - Interswitch Limited\BACKEND TRAINING\CAPSTONE PROJECT\HealthNest\src\modules\reminders\reminder.controller.js:9:22)
2026-07-27 23:03:45 [ERROR] NotFoundError: Medication not found.
    at Object.createReminder (C:\Users\promise.okere\OneDrive - Interswitch Limited\BACKEND TRAINING\CAPSTONE PROJECT\HealthNest\src\modules\reminders\reminder.service.js:27:13)
    at process.processTicksAndRejections (node:internal/process/task_queues:105:5)
    at async createReminder (C:\Users\promise.okere\OneDrive - Interswitch Limited\BACKEND TRAINING\CAPSTONE PROJECT\HealthNest\src\modules\reminders\reminder.controller.js:9:22)
2026-07-27 23:04:45 [ERROR] TypeError: medicationRepository.findMedications is not a function
    at Object.getMedications (C:\Users\promise.okere\OneDrive - Interswitch Limited\BACKEND TRAINING\CAPSTONE PROJECT\HealthNest\src\modules\medications\medication.service.js:18:50)
    at getMedications (C:\Users\promise.okere\OneDrive - Interswitch Limited\BACKEND TRAINING\CAPSTONE PROJECT\HealthNest\src\modules\medications\medication.controller.js:22:49)
    at Layer.handleRequest (C:\Users\promise.okere\OneDrive - Interswitch Limited\BACKEND TRAINING\CAPSTONE PROJECT\HealthNest\node_modules\router\lib\layer.js:152:17)
    at next (C:\Users\promise.okere\OneDrive - Interswitch Limited\BACKEND TRAINING\CAPSTONE PROJECT\HealthNest\node_modules\router\lib\route.js:157:13)
    at authenticate (C:\Users\promise.okere\OneDrive - Interswitch Limited\BACKEND TRAINING\CAPSTONE PROJECT\HealthNest\src\common\middlewares\authenticate.js:81:12)
    at process.processTicksAndRejections (node:internal/process/task_queues:105:5)
2026-07-27 23:05:13 [ERROR] TypeError: medicationRepository.createMedication is not a function
    at Object.createMedication (C:\Users\promise.okere\OneDrive - Interswitch Limited\BACKEND TRAINING\CAPSTONE PROJECT\HealthNest\src\modules\medications\medication.repository.js:9:31)
    at Object.createMedication (C:\Users\promise.okere\OneDrive - Interswitch Limited\BACKEND TRAINING\CAPSTONE PROJECT\HealthNest\src\modules\medications\medication.service.js:9:31)
    at createMedication (C:\Users\promise.okere\OneDrive - Interswitch Limited\BACKEND TRAINING\CAPSTONE PROJECT\HealthNest\src\modules\medications\medication.controller.js:6:48)
    at Layer.handleRequest (C:\Users\promise.okere\OneDrive - Interswitch Limited\BACKEND TRAINING\CAPSTONE PROJECT\HealthNest\node_modules\router\lib\layer.js:152:17)
    at next (C:\Users\promise.okere\OneDrive - Interswitch Limited\BACKEND TRAINING\CAPSTONE PROJECT\HealthNest\node_modules\router\lib\route.js:157:13)
    at C:\Users\promise.okere\OneDrive - Interswitch Limited\BACKEND TRAINING\CAPSTONE PROJECT\HealthNest\src\common\middlewares\validate.js:13:7
    at process.processTicksAndRejections (node:internal/process/task_queues:105:5)
2026-07-27 23:06:04 [ERROR] TypeError: medicationRepository.createMedication is not a function
    at Object.createMedication (C:\Users\promise.okere\OneDrive - Interswitch Limited\BACKEND TRAINING\CAPSTONE PROJECT\HealthNest\src\modules\medications\medication.repository.js:9:31)
    at Object.createMedication (C:\Users\promise.okere\OneDrive - Interswitch Limited\BACKEND TRAINING\CAPSTONE PROJECT\HealthNest\src\modules\medications\medication.service.js:9:31)
    at createMedication (C:\Users\promise.okere\OneDrive - Interswitch Limited\BACKEND TRAINING\CAPSTONE PROJECT\HealthNest\src\modules\medications\medication.controller.js:6:48)
    at Layer.handleRequest (C:\Users\promise.okere\OneDrive - Interswitch Limited\BACKEND TRAINING\CAPSTONE PROJECT\HealthNest\node_modules\router\lib\layer.js:152:17)
    at next (C:\Users\promise.okere\OneDrive - Interswitch Limited\BACKEND TRAINING\CAPSTONE PROJECT\HealthNest\node_modules\router\lib\route.js:157:13)
    at C:\Users\promise.okere\OneDrive - Interswitch Limited\BACKEND TRAINING\CAPSTONE PROJECT\HealthNest\src\common\middlewares\validate.js:13:7
    at process.processTicksAndRejections (node:internal/process/task_queues:105:5)
2026-07-27 23:08:08 [ERROR] TypeError: medicationRepository.createMedication is not a function
    at Object.createMedication (C:\Users\promise.okere\OneDrive - Interswitch Limited\BACKEND TRAINING\CAPSTONE PROJECT\HealthNest\src\modules\medications\medication.repository.js:9:31)
    at Object.createMedication (C:\Users\promise.okere\OneDrive - Interswitch Limited\BACKEND TRAINING\CAPSTONE PROJECT\HealthNest\src\modules\medications\medication.service.js:9:31)
    at createMedication (C:\Users\promise.okere\OneDrive - Interswitch Limited\BACKEND TRAINING\CAPSTONE PROJECT\HealthNest\src\modules\medications\medication.controller.js:6:48)
    at Layer.handleRequest (C:\Users\promise.okere\OneDrive - Interswitch Limited\BACKEND TRAINING\CAPSTONE PROJECT\HealthNest\node_modules\router\lib\layer.js:152:17)
    at next (C:\Users\promise.okere\OneDrive - Interswitch Limited\BACKEND TRAINING\CAPSTONE PROJECT\HealthNest\node_modules\router\lib\route.js:157:13)
    at C:\Users\promise.okere\OneDrive - Interswitch Limited\BACKEND TRAINING\CAPSTONE PROJECT\HealthNest\src\common\middlewares\validate.js:13:7
    at process.processTicksAndRejections (node:internal/process/task_queues:105:5)
2026-07-27 23:13:57 [ERROR] TypeError: medicationRepository.createMedication is not a function
    at Object.createMedication (C:\Users\promise.okere\OneDrive - Interswitch Limited\BACKEND TRAINING\CAPSTONE PROJECT\HealthNest\src\modules\medications\medication.repository.js:9:31)
    at Object.createMedication (C:\Users\promise.okere\OneDrive - Interswitch Limited\BACKEND TRAINING\CAPSTONE PROJECT\HealthNest\src\modules\medications\medication.service.js:9:31)
    at createMedication (C:\Users\promise.okere\OneDrive - Interswitch Limited\BACKEND TRAINING\CAPSTONE PROJECT\HealthNest\src\modules\medications\medication.controller.js:6:48)
    at Layer.handleRequest (C:\Users\promise.okere\OneDrive - Interswitch Limited\BACKEND TRAINING\CAPSTONE PROJECT\HealthNest\node_modules\router\lib\layer.js:152:17)
    at next (C:\Users\promise.okere\OneDrive - Interswitch Limited\BACKEND TRAINING\CAPSTONE PROJECT\HealthNest\node_modules\router\lib\route.js:157:13)
    at C:\Users\promise.okere\OneDrive - Interswitch Limited\BACKEND TRAINING\CAPSTONE PROJECT\HealthNest\src\common\middlewares\validate.js:13:7
    at process.processTicksAndRejections (node:internal/process/task_queues:105:5)
2026-07-27 23:17:54 [ERROR] TypeError: medicationRepository.createMedication is not a function
    at Object.createMedication (C:\Users\promise.okere\OneDrive - Interswitch Limited\BACKEND TRAINING\CAPSTONE PROJECT\HealthNest\src\modules\medications\medication.repository.js:9:31)
    at Object.createMedication (C:\Users\promise.okere\OneDrive - Interswitch Limited\BACKEND TRAINING\CAPSTONE PROJECT\HealthNest\src\modules\medications\medication.service.js:9:31)
    at createMedication (C:\Users\promise.okere\OneDrive - Interswitch Limited\BACKEND TRAINING\CAPSTONE PROJECT\HealthNest\src\modules\medications\medication.controller.js:6:48)
    at Layer.handleRequest (C:\Users\promise.okere\OneDrive - Interswitch Limited\BACKEND TRAINING\CAPSTONE PROJECT\HealthNest\node_modules\router\lib\layer.js:152:17)
    at next (C:\Users\promise.okere\OneDrive - Interswitch Limited\BACKEND TRAINING\CAPSTONE PROJECT\HealthNest\node_modules\router\lib\route.js:157:13)
    at C:\Users\promise.okere\OneDrive - Interswitch Limited\BACKEND TRAINING\CAPSTONE PROJECT\HealthNest\src\common\middlewares\validate.js:13:7
    at process.processTicksAndRejections (node:internal/process/task_queues:105:5)
2026-07-28 12:12:51 [ERROR] MongooseServerSelectionError: Could not connect to any servers in your MongoDB Atlas cluster. One common reason is that you're trying to access the database from an IP that isn't whitelisted. Make sure your current IP address is on your Atlas cluster's IP whitelist: https://www.mongodb.com/docs/atlas/security-whitelist/
    at _handleConnectionErrors (C:\Users\promise.okere\OneDrive - Interswitch Limited\BACKEND TRAINING\CAPSTONE PROJECT\HealthNest\node_modules\mongoose\lib\connection.js:1180:11)
    at NativeConnection.openUri (C:\Users\promise.okere\OneDrive - Interswitch Limited\BACKEND TRAINING\CAPSTONE PROJECT\HealthNest\node_modules\mongoose\lib\connection.js:1111:11)
    at async connectDatabase (C:\Users\promise.okere\OneDrive - Interswitch Limited\BACKEND TRAINING\CAPSTONE PROJECT\HealthNest\src\database\connection.js:7:5)
    at async startServer (C:\Users\promise.okere\OneDrive - Interswitch Limited\BACKEND TRAINING\CAPSTONE PROJECT\HealthNest\src\server.js:8:5)
2026-07-28 12:52:33 [ERROR] MongoServerSelectionError: Socket 'secureConnect' timed out after 30387ms (connectTimeoutMS: 30000)
    at Topology.selectServer (C:\Users\promise.okere\OneDrive - Interswitch Limited\BACKEND TRAINING\CAPSTONE PROJECT\HealthNest\node_modules\mongodb\lib\sdam\topology.js:348:38)
    at async executeOperationWithRetries (C:\Users\promise.okere\OneDrive - Interswitch Limited\BACKEND TRAINING\CAPSTONE PROJECT\HealthNest\node_modules\mongodb\lib\operations\execute_operation.js:157:18)
    at async executeOperation (C:\Users\promise.okere\OneDrive - Interswitch Limited\BACKEND TRAINING\CAPSTONE PROJECT\HealthNest\node_modules\mongodb\lib\operations\execute_operation.js:83:16)
    at async FindCursor._initialize (C:\Users\promise.okere\OneDrive - Interswitch Limited\BACKEND TRAINING\CAPSTONE PROJECT\HealthNest\node_modules\mongodb\lib\cursor\find_cursor.js:62:26)
    at async FindCursor.cursorInit (C:\Users\promise.okere\OneDrive - Interswitch Limited\BACKEND TRAINING\CAPSTONE PROJECT\HealthNest\node_modules\mongodb\lib\cursor\abstract_cursor.js:620:27)
    at async FindCursor.fetchBatch (C:\Users\promise.okere\OneDrive - Interswitch Limited\BACKEND TRAINING\CAPSTONE PROJECT\HealthNest\node_modules\mongodb\lib\cursor\abstract_cursor.js:654:13)
    at async FindCursor.next (C:\Users\promise.okere\OneDrive - Interswitch Limited\BACKEND TRAINING\CAPSTONE PROJECT\HealthNest\node_modules\mongodb\lib\cursor\abstract_cursor.js:326:17)
    at async Collection.findOne (C:\Users\promise.okere\OneDrive - Interswitch Limited\BACKEND TRAINING\CAPSTONE PROJECT\HealthNest\node_modules\mongodb\lib\collection.js:313:24)
    at async model.Query._findOne (C:\Users\promise.okere\OneDrive - Interswitch Limited\BACKEND TRAINING\CAPSTONE PROJECT\HealthNest\node_modules\mongoose\lib\query.js:2773:15)
    at async maybeTracedQueryExec (C:\Users\promise.okere\OneDrive - Interswitch Limited\BACKEND TRAINING\CAPSTONE PROJECT\HealthNest\node_modules\mongoose\lib\query.js:4801:65)
2026-07-28 14:31:32 [ERROR] ValidationError: Validation failed
    at C:\Users\promise.okere\OneDrive - Interswitch Limited\BACKEND TRAINING\CAPSTONE PROJECT\HealthNest\src\common\middlewares\validate.js:20:12
    at process.processTicksAndRejections (node:internal/process/task_queues:105:5)
2026-07-28 14:32:06 [ERROR] NotFoundError: Reminder not found.
    at findUserOwnedResource (C:\Users\promise.okere\OneDrive - Interswitch Limited\BACKEND TRAINING\CAPSTONE PROJECT\HealthNest\src\common\utils\resourceOwnership.js:24:11)
    at process.processTicksAndRejections (node:internal/process/task_queues:105:5)
    at async Object.triggerReminder (C:\Users\promise.okere\OneDrive - Interswitch Limited\BACKEND TRAINING\CAPSTONE PROJECT\HealthNest\src\modules\reminders\reminder.service.js:119:20)
    at async triggerReminder (C:\Users\promise.okere\OneDrive - Interswitch Limited\BACKEND TRAINING\CAPSTONE PROJECT\HealthNest\src\modules\reminders\reminder.controller.js:104:22)
2026-07-28 16:19:30 [ERROR] MongooseServerSelectionError: Could not connect to any servers in your MongoDB Atlas cluster. One common reason is that you're trying to access the database from an IP that isn't whitelisted. Make sure your current IP address is on your Atlas cluster's IP whitelist: https://www.mongodb.com/docs/atlas/security-whitelist/
    at _handleConnectionErrors (C:\Users\promise.okere\OneDrive - Interswitch Limited\BACKEND TRAINING\CAPSTONE PROJECT\HealthNest\node_modules\mongoose\lib\connection.js:1180:11)
    at NativeConnection.openUri (C:\Users\promise.okere\OneDrive - Interswitch Limited\BACKEND TRAINING\CAPSTONE PROJECT\HealthNest\node_modules\mongoose\lib\connection.js:1111:11)
    at async connectDatabase (C:\Users\promise.okere\OneDrive - Interswitch Limited\BACKEND TRAINING\CAPSTONE PROJECT\HealthNest\src\database\connection.js:7:5)
    at async startServer (C:\Users\promise.okere\OneDrive - Interswitch Limited\BACKEND TRAINING\CAPSTONE PROJECT\HealthNest\src\server.js:8:5)
2026-07-28 16:23:55 [ERROR] MongooseServerSelectionError: Could not connect to any servers in your MongoDB Atlas cluster. One common reason is that you're trying to access the database from an IP that isn't whitelisted. Make sure your current IP address is on your Atlas cluster's IP whitelist: https://www.mongodb.com/docs/atlas/security-whitelist/
    at _handleConnectionErrors (C:\Users\promise.okere\OneDrive - Interswitch Limited\BACKEND TRAINING\CAPSTONE PROJECT\HealthNest\node_modules\mongoose\lib\connection.js:1180:11)
    at NativeConnection.openUri (C:\Users\promise.okere\OneDrive - Interswitch Limited\BACKEND TRAINING\CAPSTONE PROJECT\HealthNest\node_modules\mongoose\lib\connection.js:1111:11)
    at async connectDatabase (C:\Users\promise.okere\OneDrive - Interswitch Limited\BACKEND TRAINING\CAPSTONE PROJECT\HealthNest\src\database\connection.js:7:5)
    at async startServer (C:\Users\promise.okere\OneDrive - Interswitch Limited\BACKEND TRAINING\CAPSTONE PROJECT\HealthNest\src\server.js:8:5)
2026-07-28 16:32:35 [ERROR] MongooseServerSelectionError: Could not connect to any servers in your MongoDB Atlas cluster. One common reason is that you're trying to access the database from an IP that isn't whitelisted. Make sure your current IP address is on your Atlas cluster's IP whitelist: https://www.mongodb.com/docs/atlas/security-whitelist/
    at _handleConnectionErrors (C:\Users\promise.okere\OneDrive - Interswitch Limited\BACKEND TRAINING\CAPSTONE PROJECT\HealthNest\node_modules\mongoose\lib\connection.js:1180:11)
    at NativeConnection.openUri (C:\Users\promise.okere\OneDrive - Interswitch Limited\BACKEND TRAINING\CAPSTONE PROJECT\HealthNest\node_modules\mongoose\lib\connection.js:1111:11)
    at async connectDatabase (C:\Users\promise.okere\OneDrive - Interswitch Limited\BACKEND TRAINING\CAPSTONE PROJECT\HealthNest\src\database\connection.js:7:5)
    at async startServer (C:\Users\promise.okere\OneDrive - Interswitch Limited\BACKEND TRAINING\CAPSTONE PROJECT\HealthNest\src\server.js:8:5)
2026-07-28 16:58:20 [ERROR] MongoServerSelectionError: Socket 'secureConnect' timed out after 30123ms (connectTimeoutMS: 30000)
    at Topology.selectServer (C:\Users\promise.okere\OneDrive - Interswitch Limited\BACKEND TRAINING\CAPSTONE PROJECT\HealthNest\node_modules\mongodb\lib\sdam\topology.js:348:38)
    at async executeOperationWithRetries (C:\Users\promise.okere\OneDrive - Interswitch Limited\BACKEND TRAINING\CAPSTONE PROJECT\HealthNest\node_modules\mongodb\lib\operations\execute_operation.js:157:18)
    at async executeOperation (C:\Users\promise.okere\OneDrive - Interswitch Limited\BACKEND TRAINING\CAPSTONE PROJECT\HealthNest\node_modules\mongodb\lib\operations\execute_operation.js:83:16)
    at async FindCursor._initialize (C:\Users\promise.okere\OneDrive - Interswitch Limited\BACKEND TRAINING\CAPSTONE PROJECT\HealthNest\node_modules\mongodb\lib\cursor\find_cursor.js:62:26)
    at async FindCursor.cursorInit (C:\Users\promise.okere\OneDrive - Interswitch Limited\BACKEND TRAINING\CAPSTONE PROJECT\HealthNest\node_modules\mongodb\lib\cursor\abstract_cursor.js:620:27)
    at async FindCursor.fetchBatch (C:\Users\promise.okere\OneDrive - Interswitch Limited\BACKEND TRAINING\CAPSTONE PROJECT\HealthNest\node_modules\mongodb\lib\cursor\abstract_cursor.js:654:13)
    at async FindCursor.next (C:\Users\promise.okere\OneDrive - Interswitch Limited\BACKEND TRAINING\CAPSTONE PROJECT\HealthNest\node_modules\mongodb\lib\cursor\abstract_cursor.js:326:17)
    at async Collection.findOne (C:\Users\promise.okere\OneDrive - Interswitch Limited\BACKEND TRAINING\CAPSTONE PROJECT\HealthNest\node_modules\mongodb\lib\collection.js:313:24)
    at async model.Query._findOne (C:\Users\promise.okere\OneDrive - Interswitch Limited\BACKEND TRAINING\CAPSTONE PROJECT\HealthNest\node_modules\mongoose\lib\query.js:2773:15)
    at async maybeTracedQueryExec (C:\Users\promise.okere\OneDrive - Interswitch Limited\BACKEND TRAINING\CAPSTONE PROJECT\HealthNest\node_modules\mongoose\lib\query.js:4801:65)
